// Jest Snapshot v1, https://goo.gl/fbAQLP

exports[`increment 1`] = `
"Snapshot Diff:
- Before
+ After

  Object {
    \\"counter\\": Object {
-     \\"value\\": 0,
+     \\"value\\": 1,
    },
  }"
`;
